// Jest Snapshot v1, https://goo.gl/fbAQLP

exports[`renders correctly at HeaderComponent 1`] = `
<div
  className="makeStyles-root-1"
>
  <header
    className="MuiPaper-root MuiAppBar-root MuiAppBar-positionStatic MuiAppBar-colorPrimary makeStyles-header-3 MuiPaper-elevation4"
  >
    <div
      className="MuiToolbar-root MuiToolbar-regular MuiToolbar-gutters"
    >
      <h6
        className="MuiTypography-root makeStyles-title-2 MuiTypography-h6"
      >
        BookManager
      </h6>
      <a
        href="/login"
        onClick={[Function]}
      >
        <div
          className="makeStyles-main-5"
        >
          <button
            className="MuiButtonBase-root-34 MuiButton-root-7 MuiButton-contained-15 makeStyles-button-6 MuiButton-containedSecondary-17"
            disabled={false}
            onBlur={[Function]}
            onDragLeave={[Function]}
            onFocus={[Function]}
            onKeyDown={[Function]}
            onKeyUp={[Function]}
            onMouseDown={[Function]}
            onMouseLeave={[Function]}
            onMouseUp={[Function]}
            onTouchEnd={[Function]}
            onTouchMove={[Function]}
            onTouchStart={[Function]}
            tabIndex={0}
            type="button"
          >
            <span
              className="MuiButton-label-8"
            >
              LOGOUT
            </span>
          </button>
        </div>
      </a>
    </div>
  </header>
</div>
`;
